// Jest Snapshot v1, https://goo.gl/fbAQLP

exports[`App component matches snapshot 1`] = `
<div>
  <h1>
    Card Flipper
  </h1>
  <div
    class="loading"
  >
    Loading...
  </div>
</div>
`;
